Renesas Optimizing Linker (W2.05.00 )             17-Jul-2017 18:55:27

*** Options ***

-subcommand=DefaultBuild\Type_I2C.clnk
-Input=DefaultBuild\cstart.obj
-Input=DefaultBuild\stkinit.obj
-Input=DefaultBuild\r_cg_main.obj
-Input=DefaultBuild\r_cg_systeminit.obj
-Input=DefaultBuild\r_cg_cgc.obj
-Input=DefaultBuild\r_cg_cgc_user.obj
-Input=DefaultBuild\r_cg_it.obj
-Input=DefaultBuild\r_cg_it_user.obj
-Input=DefaultBuild\r_cg_pga_dsad.obj
-Input=DefaultBuild\r_cg_pga_dsad_user.obj
-Input=DefaultBuild\r_cg_port.obj
-Input=DefaultBuild\r_cg_port_user.obj
-Input=DefaultBuild\r_cg_tau.obj
-Input=DefaultBuild\r_cg_tau_user.obj
-Input=DefaultBuild\r_cg_dac.obj
-Input=DefaultBuild\r_cg_dac_user.obj
-Input=DefaultBuild\r_cg_camp.obj
-Input=DefaultBuild\r_cg_camp_user.obj
-Input=DefaultBuild\r_cg_intp.obj
-Input=DefaultBuild\r_cg_intp_user.obj
-Input=DefaultBuild\r_cg_sau.obj
-Input=DefaultBuild\r_cg_sau_user.obj
-LIBrary="FDLRL78 Type04\V1.05\librl78\pfdl.lib"
-SECURITY_ID=00000000000000000000
-DEVICE=C:\Program Files (x86)\Renesas Electronics\CS+\CC\Device\RL78\Devicefile\DR5F11CCC.DVF
-DEBug
-NOCOmpress
-NOOPtimize
-OUtput=DefaultBuild\Type_I2C.abs
-LIBrary=C:\Program Files (x86)\Renesas Electronics\CS+\CC\CC-RL\V1.03.00\lib\rl78em4s.lib
-LIBrary=C:\Program Files (x86)\Renesas Electronics\CS+\CC\CC-RL\V1.03.00\lib\malloc_n.lib
-LIBrary=C:\Program Files (x86)\Renesas Electronics\CS+\CC\CC-RL\V1.03.00\lib\rl78em4r.lib
-OCDBG=84
-DEBUG_MONITOR=7E00-7FFF
-USER_OPT_BYTE=EFFFE8
-OCDTR
-LISt=DefaultBuild\Type_I2C.map
-AUTO_SECTION_LAYOUT
-ROm=.data=.dataR
-ROm=.sdata=.sdataR
-NOMessage
-MEMory=High
-NOLOgo
-end

*** Error information ***

*** Mapping List ***

SECTION                            START      END         SIZE   ALIGN

.vect
                                  00000000  0000007f        80   0
.constf
                                  00000080  00000080         0   2
.sdata
                                  00000080  00000080         0   2
.option_byte
                                  000000c0  000000c3         4   1
.security_id
                                  000000c4  000000cd         a   1
.SLIB
                                  000000c4  000000c4         0   1
.monitor1
                                  000000ce  000000d7         a   1
.data
                                  000000d8  00000169        92   2
.text
                                  0000016a  00000452       2e9   1
PFDL_COD
                                  00000454  000004e1        8e   2
.textf
                                  000004e2  000018dd      13fc   1
.RLIB
                                  000018de  0000194e        71   1
.const
                                  00002000  00002005         6   2
.monitor2
                                  00007e00  00007fff       200   1
.bss
                                  000fe700  000feab1       3b2   2
.dataR
                                  000feab2  000feb43        92   2
.sbss
                                  000ffe20  000ffe20         0   2
.sdataR
                                  000ffe20  000ffe20         0   2
